------------------------------------------------------------
TimeQuest Timing Analyzer Summary
------------------------------------------------------------

Type  : Slow 1200mV 85C Model Setup 'PLL_test_inst|altpll_component|auto_generated|pll1|clk[0]'
Slack : 2166.732
TNS   : 0.000

Type  : Slow 1200mV 85C Model Hold 'PLL_test_inst|altpll_component|auto_generated|pll1|clk[0]'
Slack : 0.402
TNS   : 0.000

Type  : Slow 1200mV 85C Model Minimum Pulse Width 'CLOCK_50'
Slack : 9.891
TNS   : 0.000

Type  : Slow 1200mV 85C Model Minimum Pulse Width 'PLL_test_inst|altpll_component|auto_generated|pll1|clk[0]'
Slack : 1084.781
TNS   : 0.000

Type  : Slow 1200mV 0C Model Setup 'PLL_test_inst|altpll_component|auto_generated|pll1|clk[0]'
Slack : 2167.024
TNS   : 0.000

Type  : Slow 1200mV 0C Model Hold 'PLL_test_inst|altpll_component|auto_generated|pll1|clk[0]'
Slack : 0.353
TNS   : 0.000

Type  : Slow 1200mV 0C Model Minimum Pulse Width 'CLOCK_50'
Slack : 9.887
TNS   : 0.000

Type  : Slow 1200mV 0C Model Minimum Pulse Width 'PLL_test_inst|altpll_component|auto_generated|pll1|clk[0]'
Slack : 1084.780
TNS   : 0.000

Type  : Fast 1200mV 0C Model Setup 'PLL_test_inst|altpll_component|auto_generated|pll1|clk[0]'
Slack : 2168.471
TNS   : 0.000

Type  : Fast 1200mV 0C Model Hold 'PLL_test_inst|altpll_component|auto_generated|pll1|clk[0]'
Slack : 0.181
TNS   : 0.000

Type  : Fast 1200mV 0C Model Minimum Pulse Width 'CLOCK_50'
Slack : 9.574
TNS   : 0.000

Type  : Fast 1200mV 0C Model Minimum Pulse Width 'PLL_test_inst|altpll_component|auto_generated|pll1|clk[0]'
Slack : 1084.851
TNS   : 0.000

------------------------------------------------------------
